src/routes/pdf.ts(133,56): error TS2322: Type '"msedge"' is not assignable to type 'ChromeReleaseChannel | undefined'.
